2026-09-12 14:53:50 - inicio del recorrido
2026-09-12 14:53:54     1/ 400  SUPERFICIE_CULTIVO                        4.1 s  freq=Y n.obs=5238
2026-09-12 14:53:58     2/ 400  SUPERFICIE_CULTIVO_HERBACEOS              3.9 s  freq=Y n.obs=5238
2026-09-12 14:54:02     3/ 400  SUPERFICIE_CULTIVO_LENOSOS                4.1 s  freq=Y n.obs=5238
2026-09-12 14:54:04     4/ 400  SUPERFICIE_CULTIVO_REGADIO                2.2 s  freq=Y n.obs=5238
2026-09-12 14:54:06     5/ 400  SUPERFICIE_CULTIVO_SECANO                 2.3 s  freq=Y n.obs=5238
2026-09-12 14:54:09     6/ 400  VINEDOS_EXPLOTACIONES                     2.3 s  freq=Y n.obs=36
2026-09-12 14:54:11     7/ 400  VINEDOS_SUPERFICIE                        2.2 s  freq=Y n.obs=36
2026-09-12 14:54:13     8/ 400  PRECIOS_AGRICOLAS_MEDIO_PONDERADO_AGUACATE    2.4 s  freq=M n.obs=2500
2026-09-12 14:54:15     9/ 400  PRECIOS_AGRICOLAS_MEDIO_PONDERADO_PAPA    2.2 s  freq=M n.obs=2500
2026-09-12 14:54:17    10/ 400  PRECIOS_AGRICOLAS_MEDIO_PONDERADO_PAPAYA    2.1 s  freq=M n.obs=2500
2026-09-12 14:54:20    11/ 400  PRECIOS_AGRICOLAS_MEDIO_PONDERADO_PLATANO    2.2 s  freq=M n.obs=2500
2026-09-12 14:54:22    12/ 400  PRECIOS_AGRICOLAS_MEDIO_PONDERADO_TOMATE    2.2 s  freq=M n.obs=2500
2026-09-12 14:54:24    13/ 400  COMERCIO_EXTERIOR_EXPORTACIONES_PESO_AGRICOLAS    2.2 s  freq=M n.obs=940
2026-09-12 14:54:26    14/ 400  COMERCIO_EXTERIOR_EXPORTACIONES_VALOR_AGRICOLAS    2.2 s  freq=M n.obs=940
2026-09-12 14:54:28    15/ 400  COMERCIO_EXTERIOR_IMPORTACIONES_VALOR     2.2 s  freq=M n.obs=1720
2026-09-12 14:54:31    16/ 400  INVERSION_ESPANOLA_BRUTA                  2.6 s  freq=Q n.obs=17430
2026-09-12 14:54:34    17/ 400  INVERSION_EXTRANJERA_BRUTA                2.8 s  freq=Q n.obs=17430
2026-09-12 14:54:36    18/ 400  DEFUNCIONES_CANCER                        2.2 s  freq=Y n.obs=624
2026-09-12 14:54:38    19/ 400  DEFUNCIONES_CARDIOVASCULARES              2.1 s  freq=Y n.obs=624
2026-09-12 14:54:40    20/ 400  DEFUNCIONES_RESPIRATORIAS                 2.0 s  freq=Y n.obs=624
2026-09-12 14:54:42    21/ 400  JUEGOS_AZAR_APUESTAS_PRESENCIALES         2.0 s  freq=Y n.obs=42
2026-09-12 14:54:44    22/ 400  JUEGOS_AZAR_BINGO                         2.1 s  freq=Y n.obs=42
2026-09-12 14:54:47    23/ 400  JUEGOS_AZAR_LOTERIAS                      2.5 s  freq=Y n.obs=42
2026-09-12 14:54:49    24/ 400  JUEGOS_AZAR_ONCE                          2.1 s  freq=Y n.obs=42
2026-09-12 14:54:51    25/ 400  POBREZA_AROPE_POB_00A17_E                 2.1 s  freq=Y n.obs=15
2026-09-12 14:54:53    26/ 400  POBREZA_AROPE_POB_E                       2.1 s  freq=Y n.obs=720
2026-09-12 14:54:55    27/ 400  POBREZA_BAJA_INTENSIDAD_TRABAJO_POB_E     2.0 s  freq=Y n.obs=720
2026-09-12 14:54:57    28/ 400  POBREZA_CARENCIA_MATERIAL_SEVERA_POB_E    2.0 s  freq=Y n.obs=1080
2026-09-12 14:54:59    29/ 400  POBREZA_CARENCIA_MATERIAL_SOCIAL_SEVERA_POB_E    2.1 s  freq=Y n.obs=720
2026-09-12 14:55:01    30/ 400  POBREZA_RELATIVA_POB_E                    2.1 s  freq=Y n.obs=720
2026-09-12 14:55:04    31/ 400  CAZA_LICENCIAS                            2.2 s  freq=Y n.obs=560
2026-09-12 14:55:06    32/ 400  IMASD_GASTO                               2.1 s  freq=Y n.obs=240
2026-09-12 14:55:08    33/ 400  IMASD_INVESTIGADORES_EJC                  2.0 s  freq=Y n.obs=240
2026-09-12 14:55:10    34/ 400  IMASD_INVESTIGADORES_EJC_HOMBRES          2.2 s  freq=Y n.obs=240
2026-09-12 14:55:12    35/ 400  IMASD_INVESTIGADORES_EJC_MUJERES          2.2 s  freq=Y n.obs=240
2026-09-12 14:55:14    36/ 400  IIFF_SINIESTROS                           2.3 s  freq=Y n.obs=165
2026-09-12 14:55:16    37/ 400  IIFF_SUPERFICIE                           2.0 s  freq=Y n.obs=165
2026-09-12 14:55:18    38/ 400  EMPRESAS_COMERCIO_PERSONAL_OCUPADO        2.1 s  freq=Y n.obs=27
2026-09-12 14:55:21    39/ 400  EMPRESAS_COMERCIO_VAF                     2.2 s  freq=Y n.obs=27
2026-09-12 14:55:23    40/ 400  ICM_CIFRA_NEGOCIO_CONSTANTES              2.5 s  freq=M n.obs=16980
2026-09-12 14:55:25    41/ 400  ICM_CIFRA_NEGOCIO_CONSTANTES_CA           2.1 s  freq=M n.obs=1554
2026-09-12 14:55:27    42/ 400  ICM_CIFRA_NEGOCIO_CONSTANTES_SCA          2.1 s  freq=M n.obs=1554
2026-09-12 14:55:30    43/ 400  ICM_CIFRA_NEGOCIO_CORRIENTES              2.5 s  freq=M n.obs=18420
2026-09-12 14:55:32    44/ 400  ICM_OCUPACION                             2.5 s  freq=M n.obs=16260
2026-09-12 14:55:34    45/ 400  COMERCIO_EXTERIOR_DEFICIT_COMERCIAL       2.1 s  freq=M n.obs=1720
2026-09-12 14:55:37    46/ 400  COMERCIO_EXTERIOR_EXPORTACIONES_PESO      2.8 s  freq=M n.obs=1720
2026-09-12 14:55:39    47/ 400  COMERCIO_EXTERIOR_EXPORTACIONES_VALOR     2.2 s  freq=M n.obs=1720
2026-09-12 14:55:41    48/ 400  COMERCIO_EXTERIOR_IMPORTACIONES_PESO      2.1 s  freq=M n.obs=1720
2026-09-12 14:55:43    49/ 400  COMERCIO_EXTERIOR_IMPORTACIONES_VALOR_AGRICOLAS    2.0 s  freq=M n.obs=940
2026-09-12 14:55:45    50/ 400  COMERCIO_EXTERIOR_TASA_COBERTURA          2.1 s  freq=M n.obs=1032
2026-09-12 14:55:48    51/ 400  COMERCIO_EXTERIOR_IMPORTACIONES_PESO_AGRICOLAS    2.1 s  freq=M n.obs=940
2026-09-12 14:55:50    52/ 400  DESIGUALDAD_INDICE_GINI                   2.0 s  freq=Y n.obs=1764
2026-09-12 14:55:52    53/ 400  DESIGUALDAD_P80_P20                       2.1 s  freq=Y n.obs=1764
2026-09-12 14:55:54    54/ 400  POBREZA_AROPE_POB_C                       2.0 s  freq=Y n.obs=38
2026-09-12 14:55:56    55/ 400  POBREZA_BAJA_INTENSIDAD_TRABAJO_POB_C     2.1 s  freq=Y n.obs=38
2026-09-12 14:55:58    56/ 400  POBREZA_CARENCIA_MATERIAL_SEVERA_POB_C    2.1 s  freq=Y n.obs=38
2026-09-12 14:56:00    57/ 400  POBREZA_RELATIVA_POB_C                    2.0 s  freq=Y n.obs=38
2026-09-12 14:56:02    58/ 400  RENTA_NETA_MEDIA_HOGAR                    2.0 s  freq=Y n.obs=2646
2026-09-12 14:56:04    59/ 400  RENTA_NETA_MEDIA_PERSONA                  2.1 s  freq=Y n.obs=2646
2026-09-12 14:56:06    60/ 400  ICC                                       2.1 s  freq=Q n.obs=1302
2026-09-12 14:56:10    61/ 400  ICC_EXPECTATIVAS                          3.6 s  freq=Q n.obs=1302
2026-09-12 14:56:13    62/ 400  ICC_SITUACION_ACTUAL                      3.0 s  freq=Q n.obs=1302
2026-09-12 14:56:15    63/ 400  CEMENTO_VENTAS                            2.3 s  freq=M n.obs=9080
2026-09-12 14:56:18    64/ 400  LICITACION_OFICIAL                        3.1 s  freq=M n.obs=48700
2026-09-12 14:56:21    65/ 400  LICITACION_OFICIAL_EDIFICACION            3.1 s  freq=M n.obs=48700
2026-09-12 14:56:26    66/ 400  LICITACION_OFICIAL_INGENIERIA_CIVIL       4.7 s  freq=M n.obs=48700
2026-09-12 14:56:30    67/ 400  VISADOS_OBRA_VIVIENDAS                    4.3 s  freq=M n.obs=30600
2026-09-12 14:56:34    68/ 400  VISADOS_OBRA_VIVIENDAS_NUEVAS             4.1 s  freq=M n.obs=30600
2026-09-12 14:56:38    69/ 400  PIB_PM                                    4.1 s  freq=Y n.obs=1575
2026-09-12 14:56:42    70/ 400  PIB_PM_INDICE_VOLUMEN_TVA                 3.5 s  freq=Y n.obs=525
2026-09-12 14:56:45    71/ 400  PIB_PM_PER_CAPITA_CCAA                    3.5 s  freq=Y n.obs=1575
2026-09-12 14:56:49    72/ 400  PIB_PM_PER_CAPITA_ISLAS                   3.4 s  freq=Y n.obs=600
2026-09-12 14:56:51    73/ 400  IPC                                       2.4 s  freq=M n.obs=17700
2026-09-12 14:56:53    74/ 400  IPC_SUBYACENTE                            2.3 s  freq=M n.obs=17700
2026-09-12 14:56:56    75/ 400  PIB_PM_CORRIENTE                          2.1 s  freq=Q n.obs=1060
2026-09-12 14:56:58    76/ 400  PIB_PM_VOLUMEN                            2.0 s  freq=Q n.obs=636
2026-09-12 14:57:00    77/ 400  DEPORTE_FED_CLUBES                        2.0 s  freq=Y n.obs=66
2026-09-12 14:57:02    78/ 400  DEPORTE_FED_LICENCIAS                     2.0 s  freq=Y n.obs=66
2026-09-12 14:57:04    79/ 400  DEPORTE_FED_LICENCIAS_HOMBRES             2.0 s  freq=Y n.obs=51
2026-09-12 14:57:06    80/ 400  DEPORTE_FED_LICENCIAS_MUJERES             2.1 s  freq=Y n.obs=51
2026-09-12 14:57:09    81/ 400  VIVIENDAS_INICIADAS                       3.5 s  freq=M n.obs=74655
2026-09-12 14:57:13    82/ 400  VIVIENDAS_TERMINADAS                      3.4 s  freq=M n.obs=74655
2026-09-12 14:57:15    83/ 400  DISCAPACIDAD_RECONOCIMIENTO_33            2.1 s  freq=Y n.obs=117
2026-09-12 14:57:17    84/ 400  DISCAPACIDAD_VALORACION                   2.0 s  freq=Y n.obs=117
2026-09-12 14:57:19    85/ 400  VIVIENDA_LIBRE_PRECIO_M2                  2.9 s  freq=Q n.obs=40000
2026-09-12 14:57:22    86/ 400  VIVIENDA_PROTEGIDA_PRECIO_M2              2.5 s  freq=Q n.obs=26350
2026-09-12 14:57:24    87/ 400  ALUMNADO_UNIVERSITARIO                    2.0 s  freq=Y n.obs=120
2026-09-12 14:57:26    88/ 400  ALUMNADO_UNIVERSITARIO_HOMBRES            2.0 s  freq=Y n.obs=120
2026-09-12 14:57:28    89/ 400  ALUMNADO_UNIVERSITARIO_MUJERES            2.0 s  freq=Y n.obs=120
2026-09-12 14:57:30    90/ 400  ALUMNADO_NO_UNIVERSITARIO_CONCERTADOS_REGIMEN_GENERAL    2.1 s  freq=Y n.obs=105
2026-09-12 14:57:32    91/ 400  ALUMNADO_NO_UNIVERSITARIO_NO_CONCERTADOS_REGIMEN_GENERAL    2.1 s  freq=Y n.obs=105
2026-09-12 14:57:34    92/ 400  ALUMNADO_NO_UNIVERSITARIO_PRIVADOS_REGIMEN_GENERAL    2.0 s  freq=Y n.obs=105
2026-09-12 14:57:36    93/ 400  ALUMNADO_NO_UNIVERSITARIO_PUBLICOS_REGIMEN_GENERAL    2.0 s  freq=Y n.obs=105
2026-09-12 14:57:38    94/ 400  ALUMNADO_NO_UNIVERSITARIO_REGIMEN_GENERAL    2.0 s  freq=Y n.obs=105
2026-09-12 14:57:40    95/ 400  ALUMNADO_NO_UNIVERSITARIO_REGIMEN_GENERAL_ESO    2.0 s  freq=Y n.obs=105
2026-09-12 14:57:42    96/ 400  ALUMNADO_NO_UNIVERSITARIO_REGIMEN_GENERAL_INFANTIL    2.1 s  freq=Y n.obs=105
2026-09-12 14:57:44    97/ 400  ALUMNADO_NO_UNIVERSITARIO_REGIMEN_GENERAL_PRIMARIA    2.0 s  freq=Y n.obs=105
2026-09-12 14:57:46    98/ 400  ACCIDENTES_CIRCULACION                    2.0 s  freq=Y n.obs=234
2026-09-12 14:57:48    99/ 400  ACCIDENTES_CIRCULACION_VICTIMAS           2.0 s  freq=Y n.obs=234
2026-09-12 14:57:50   100/ 400  ACCIDENTES_CIRCULACION_VICTIMAS_MORTALES    2.1 s  freq=Y n.obs=234
2026-09-12 14:57:53   101/ 400  ACCIDENTES_TRABAJO_BAJA                   2.5 s  freq=Y n.obs=880
2026-09-12 14:57:55   102/ 400  ACCIDENTES_TRABAJO_BAJA_JORNADAS          2.0 s  freq=Y n.obs=880
2026-09-12 14:57:58   103/ 400  AFILIACIONES                              3.0 s  freq=M n.obs=52865
2026-09-12 14:58:00   104/ 400  AFILIACIONES_AGRICULTURA                  2.2 s  freq=M n.obs=3880
2026-09-12 14:58:02   105/ 400  AFILIACIONES_ALOJAMIENTO                  2.0 s  freq=M n.obs=360
2026-09-12 14:58:05   106/ 400  AFILIACIONES_ASALARIADOS                  3.0 s  freq=M n.obs=52865
2026-09-12 14:58:08   107/ 400  AFILIACIONES_ASALARIADOS_HOMBRES          3.0 s  freq=M n.obs=52865
2026-09-12 14:58:11   108/ 400  AFILIACIONES_ASALARIADOS_MUJERES          2.9 s  freq=M n.obs=52865
2026-09-12 14:58:14   109/ 400  AFILIACIONES_AUTONOMOS                    2.8 s  freq=M n.obs=52865
2026-09-12 14:58:17   110/ 400  AFILIACIONES_AUTONOMOS_HOMBRES            3.0 s  freq=M n.obs=52865
2026-09-12 14:58:20   111/ 400  AFILIACIONES_AUTONOMOS_MUJERES            3.0 s  freq=M n.obs=52865
2026-09-12 14:58:22   112/ 400  AFILIACIONES_CONSTRUCCION                 2.1 s  freq=M n.obs=3880
2026-09-12 14:58:25   113/ 400  AFILIACIONES_HOMBRES                      2.9 s  freq=M n.obs=52865
2026-09-12 14:58:27   114/ 400  AFILIACIONES_INDUSTRIA                    2.2 s  freq=M n.obs=3880
2026-09-12 14:58:30   115/ 400  AFILIACIONES_MUJERES                      3.1 s  freq=M n.obs=52865
2026-09-12 14:58:33   116/ 400  AFILIACIONES_REGIMENES_AGRARIOS           2.8 s  freq=M n.obs=52320
2026-09-12 14:58:37   117/ 400  AFILIACIONES_REGIMENES_AGRARIOS_HOMBRES    4.3 s  freq=M n.obs=52320
2026-09-12 14:58:42   118/ 400  AFILIACIONES_REGIMENES_AGRARIOS_MUJERES    4.4 s  freq=M n.obs=52320
2026-09-12 14:58:45   119/ 400  AFILIACIONES_RESTAURACION                 3.5 s  freq=M n.obs=360
2026-09-12 14:58:49   120/ 400  AFILIACIONES_SCA                          3.6 s  freq=M n.obs=3040
2026-09-12 14:58:52   121/ 400  AFILIACIONES_SERVICIOS                    3.6 s  freq=M n.obs=3880
2026-09-12 14:58:56   122/ 400  AFILIACIONES_TURISMO                      3.4 s  freq=M n.obs=360
2026-09-12 14:58:59   123/ 400  COSTE_LABORAL_HORA                        3.1 s  freq=Q n.obs=9450
2026-09-12 14:59:01   124/ 400  COSTE_LABORAL_TRABAJADOR                  2.4 s  freq=Q n.obs=9450
2026-09-12 14:59:04   125/ 400  EMPLEO_REGISTRADO                         3.3 s  freq=Q n.obs=66445
2026-09-12 14:59:07   126/ 400  EMPLEO_REGISTRADO_AGRICULTURA             2.2 s  freq=Q n.obs=960
2026-09-12 14:59:10   127/ 400  EMPLEO_REGISTRADO_ASALARIADOS             3.2 s  freq=Q n.obs=66445
2026-09-12 14:59:13   128/ 400  EMPLEO_REGISTRADO_AUTONOMOS               3.2 s  freq=Q n.obs=66445
2026-09-12 14:59:15   129/ 400  EMPLEO_REGISTRADO_COMERCIO                2.1 s  freq=Q n.obs=960
2026-09-12 14:59:17   130/ 400  EMPLEO_REGISTRADO_CONSTRUCCION            2.0 s  freq=Q n.obs=960
2026-09-12 14:59:19   131/ 400  EMPLEO_REGISTRADO_HOSTELERIA              2.1 s  freq=Q n.obs=960
2026-09-12 14:59:21   132/ 400  EMPLEO_REGISTRADO_INDUSTRIA               2.1 s  freq=Q n.obs=960
2026-09-12 14:59:23   133/ 400  EMPLEO_REGISTRADO_SERVICIOS               2.1 s  freq=Q n.obs=960
2026-09-12 14:59:28   134/ 400  PARO_REGISTRADO                           4.2 s  freq=M n.obs=106560
2026-09-12 14:59:32   135/ 400  PARO_REGISTRADO_HOMBRES                   4.0 s  freq=M n.obs=106560
2026-09-12 14:59:36   136/ 400  PARO_REGISTRADO_MUJERES                   4.2 s  freq=M n.obs=106560
2026-09-12 14:59:38   137/ 400  POBLACION_ACTIVA                          2.3 s  freq=Q n.obs=3920
2026-09-12 14:59:40   138/ 400  POBLACION_ACTIVA_HOMBRES                  2.2 s  freq=Q n.obs=3920
2026-09-12 14:59:43   139/ 400  POBLACION_ACTIVA_MUJERES                  2.2 s  freq=Q n.obs=3920
2026-09-12 14:59:45   140/ 400  POBLACION_INACTIVA                        2.2 s  freq=Q n.obs=3920
2026-09-12 14:59:47   141/ 400  POBLACION_INACTIVA_HOMBRES                2.1 s  freq=Q n.obs=3920
2026-09-12 14:59:49   142/ 400  POBLACION_INACTIVA_MUJERES                2.2 s  freq=Q n.obs=3920
2026-09-12 14:59:52   143/ 400  POBLACION_OCUPADA                         2.3 s  freq=Q n.obs=3920
2026-09-12 14:59:54   144/ 400  POBLACION_OCUPADA_HOMBRES                 2.6 s  freq=Q n.obs=3920
2026-09-12 14:59:56   145/ 400  POBLACION_OCUPADA_MUJERES                 2.3 s  freq=Q n.obs=3920
2026-09-12 14:59:59   146/ 400  POBLACION_PARADA                          2.3 s  freq=Q n.obs=3920
2026-09-12 15:00:02   147/ 400  POBLACION_PARADA_HOMBRES                  2.9 s  freq=Q n.obs=3920
2026-09-12 15:00:04   148/ 400  POBLACION_PARADA_MUJERES                  2.5 s  freq=Q n.obs=3920
2026-09-12 15:00:07   149/ 400  TASA_ACTIVIDAD                            2.3 s  freq=Q n.obs=2352
2026-09-12 15:00:09   150/ 400  TASA_ACTIVIDAD_HOMBRES                    2.3 s  freq=Q n.obs=2352
2026-09-12 15:00:11   151/ 400  TASA_ACTIVIDAD_MUJERES                    2.4 s  freq=Q n.obs=2352
2026-09-12 15:00:14   152/ 400  TASA_EMPLEO                               2.3 s  freq=Q n.obs=2352
2026-09-12 15:00:16   153/ 400  TASA_EMPLEO_HOMBRES                       2.7 s  freq=Q n.obs=2352
2026-09-12 15:00:18   154/ 400  TASA_EMPLEO_MUJERES                       2.1 s  freq=Q n.obs=2352
2026-09-12 15:00:21   155/ 400  TASA_PARO                                 2.5 s  freq=Q n.obs=2352
2026-09-12 15:00:23   156/ 400  TASA_PARO_HOMBRES                         2.4 s  freq=Q n.obs=2352
2026-09-12 15:00:26   157/ 400  TASA_PARO_MUJERES                         2.5 s  freq=Q n.obs=2352
2026-09-12 15:00:28   158/ 400  AFILIACIONES_MEDIAS                       2.3 s  freq=M n.obs=2640
2026-09-12 15:00:30   159/ 400  AFILIACIONES_MEDIAS_HOMBRES               2.4 s  freq=M n.obs=2640
2026-09-12 15:00:33   160/ 400  AFILIACIONES_MEDIAS_MUJERES               2.2 s  freq=M n.obs=2640
2026-09-12 15:00:35   161/ 400  TASA_DEMANDANTES_REGISTRADOS              2.5 s  freq=Q n.obs=17568
2026-09-12 15:00:38   162/ 400  TASA_DEMANDANTES_REGISTRADOS_JUVENIL      2.6 s  freq=Q n.obs=17568
2026-09-12 15:00:40   163/ 400  ICE_EXPECTATIVA                           2.1 s  freq=M n.obs=880
2026-09-12 15:00:42   164/ 400  ICE_SITUACION                             2.1 s  freq=M n.obs=880
2026-09-12 15:00:44   165/ 400  DIRCE_EMPRESAS                            2.1 s  freq=Y n.obs=360
2026-09-12 15:00:48   166/ 400  EMPRESAS_SEGURIDAD_SOCIAL                 3.5 s  freq=M n.obs=59655
2026-09-12 15:00:50   167/ 400  EMPRESAS_SEGURIDAD_SOCIAL_AGRICULTURA     2.2 s  freq=M n.obs=3840
2026-09-12 15:00:52   168/ 400  EMPRESAS_SEGURIDAD_SOCIAL_ALOJAMIENTO     2.2 s  freq=M n.obs=360
2026-09-12 15:00:54   169/ 400  EMPRESAS_SEGURIDAD_SOCIAL_CONSTRUCCION    2.1 s  freq=M n.obs=3840
2026-09-12 15:00:56   170/ 400  EMPRESAS_SEGURIDAD_SOCIAL_INDUSTRIA       2.1 s  freq=M n.obs=3840
2026-09-12 15:00:58   171/ 400  EMPRESAS_SEGURIDAD_SOCIAL_RESTAURACION    2.1 s  freq=M n.obs=360
2026-09-12 15:01:01   172/ 400  EMPRESAS_SEGURIDAD_SOCIAL_SERVICIOS       2.3 s  freq=M n.obs=3840
2026-09-12 15:01:03   173/ 400  EMPRESAS_SEGURIDAD_SOCIAL_TURISMO         2.2 s  freq=M n.obs=320
2026-09-12 15:01:05   174/ 400  ICE                                       2.1 s  freq=M n.obs=880
2026-09-12 15:01:10   175/ 400  SOCIEDADES_MERCANTILES_AMPLIADAS          4.7 s  freq=M n.obs=129150
2026-09-12 15:01:15   176/ 400  SOCIEDADES_MERCANTILES_AMPLIADAS_CAPITAL    5.2 s  freq=M n.obs=129150
2026-09-12 15:01:20   177/ 400  SOCIEDADES_MERCANTILES_CREADAS            4.9 s  freq=M n.obs=129150
2026-09-12 15:01:25   178/ 400  SOCIEDADES_MERCANTILES_CREADAS_CAPITAL    5.0 s  freq=M n.obs=129150
2026-09-12 15:01:27   179/ 400  ENERGIA_ELECTRICA_DISPONIBLE              2.2 s  freq=M n.obs=8560
2026-09-12 15:01:31   180/ 400  HIDROCARBUROS_PRECIO_GASOLEO              3.9 s  freq=W n.obs=47880
2026-09-12 15:01:34   181/ 400  HIDROCARBUROS_PRECIO_GASOLINA95           3.5 s  freq=W n.obs=47880
2026-09-12 15:01:38   182/ 400  HIDROCARBUROS_PRECIO_GASOLINA98           3.6 s  freq=W n.obs=47880
2026-09-12 15:01:40   183/ 400  EMH_ALTAS                                 2.3 s  freq=Y n.obs=45
2026-09-12 15:01:43   184/ 400  EMH_ESTANCIA                              2.5 s  freq=Y n.obs=45
2026-09-12 15:01:45   185/ 400  EMH_ESTANCIA_MEDIA                        2.1 s  freq=Y n.obs=45
2026-09-12 15:01:47   186/ 400  PPA_CAN_ESP                               2.2 s  freq=Y n.obs=24
2026-09-12 15:01:49   187/ 400  PPA_CAN_ESP_ANTES_IMPUESTOS               2.1 s  freq=Y n.obs=24
2026-09-12 15:01:51   188/ 400  PPA_ISLAS_CAN                             2.1 s  freq=M n.obs=784
2026-09-12 15:01:53   189/ 400  TASA_DEMANDANTES_REGISTRADOS_FP_CFGS      2.1 s  freq=Y n.obs=12
2026-09-12 15:01:55   190/ 400  TASA_DEMANDANTES_REGISTRADOS_UNIVERSIDADES    2.1 s  freq=Y n.obs=28
2026-09-12 15:01:57   191/ 400  TASA_INSERCION_LABORAL_FP_CFGS            2.1 s  freq=Y n.obs=12
2026-09-12 15:01:59   192/ 400  TASA_INSERCION_LABORAL_UNIVERSIDADES      2.0 s  freq=Y n.obs=28
2026-09-12 15:02:01   193/ 400  GANADO_BOVINO                             2.2 s  freq=Y n.obs=12610
2026-09-12 15:02:04   194/ 400  GANADO_CAPRINO                            2.2 s  freq=Y n.obs=12610
2026-09-12 15:02:06   195/ 400  GANADO_OVINO                              2.2 s  freq=Y n.obs=12610
2026-09-12 15:02:13   196/ 400  GANADO_PORCINO                            7.6 s  freq=Y n.obs=12610
2026-09-12 15:02:17   197/ 400  ALOJATUR_ABIERTOS                         3.5 s  freq=M n.obs=49280
2026-09-12 15:02:24   198/ 400  ALOJATUR_ESTANCIAS_MEDIAS                 6.7 s  freq=M n.obs=50160
2026-09-12 15:02:28   199/ 400  ALOJATUR_HABITACIONES_OCUPACION           4.0 s  freq=M n.obs=29568
2026-09-12 15:02:31   200/ 400  ALOJATUR_INGRESOS                         3.0 s  freq=M n.obs=49280
2026-09-12 15:02:34   201/ 400  ALOJATUR_INGRESOS_HABITACION              3.2 s  freq=M n.obs=49280
2026-09-12 15:02:37   202/ 400  ALOJATUR_PERNOCTACIONES                   2.8 s  freq=M n.obs=50160
2026-09-12 15:02:39   203/ 400  ALOJATUR_PERNOCTACIONES_CA                2.3 s  freq=M n.obs=4776
2026-09-12 15:02:41   204/ 400  ALOJATUR_PERNOCTACIONES_SCA               2.3 s  freq=M n.obs=4776
2026-09-12 15:02:44   205/ 400  ALOJATUR_PLAZAS_OCUPACION                 2.4 s  freq=M n.obs=29568
2026-09-12 15:02:46   206/ 400  ALOJATUR_PLAZAS_OFERTADAS                 2.6 s  freq=M n.obs=49280
2026-09-12 15:02:48   207/ 400  ALOJATUR_POBLACION_TUR_ETC                2.1 s  freq=Y n.obs=3300
2026-09-12 15:02:52   208/ 400  ALOJATUR_TARIFA_ADR                       3.2 s  freq=M n.obs=49280
2026-09-12 15:02:56   209/ 400  ALOJATUR_VIAJEROS_ENTRADOS                4.4 s  freq=M n.obs=50160
2026-09-12 15:03:00   210/ 400  ALOJATUR_VIAJEROS_ENTRADOS_CANARIAS       4.3 s  freq=M n.obs=50160
2026-09-12 15:03:03   211/ 400  ALOJATUR_VIAJEROS_ENTRADOS_EXTRANJEROS    3.1 s  freq=M n.obs=50160
2026-09-12 15:03:06   212/ 400  ALOJATUR_VIAJEROS_ENTRADOS_NACIONALES_XCANARIAS    2.9 s  freq=M n.obs=50160
2026-09-12 15:03:08   213/ 400  GASTO_TURISTICO                           2.2 s  freq=Q n.obs=410
2026-09-12 15:03:11   214/ 400  GASTO_TURISTICO_TURISTA                   2.1 s  freq=Q n.obs=2460
2026-09-12 15:03:13   215/ 400  GASTO_TURISTICO_TURISTA_DIA               2.1 s  freq=Q n.obs=2460
2026-09-12 15:03:15   216/ 400  TURISTAS                                  2.4 s  freq=M n.obs=6420
2026-09-12 15:03:17   217/ 400  TURISTAS_EXTRANJEROS                      2.2 s  freq=M n.obs=6420
2026-09-12 15:03:20   218/ 400  TURISTAS_NACIONALES                       2.3 s  freq=M n.obs=6420
2026-09-12 15:03:22   219/ 400  REPRESENTACION_FEMENINA_ALCALDIAS_PC      2.2 s  freq=Y n.obs=46
2026-09-12 15:03:24   220/ 400  REPRESENTACION_FEMENINA_AYUNTAMIENTOS_PC    2.7 s  freq=Y n.obs=40
2026-09-12 15:03:27   221/ 400  REPRESENTACION_FEMENINA_CONSEJERIAS_CAN_PC    2.2 s  freq=Y n.obs=58
2026-09-12 15:03:29   222/ 400  REPRESENTACION_FEMENINA_PARLAMENTO_PC     2.0 s  freq=Y n.obs=72
2026-09-12 15:03:31   223/ 400  VG_DENUNCIAS                              2.1 s  freq=Q n.obs=1620
2026-09-12 15:03:33   224/ 400  VG_LLAMADAS_016                           2.1 s  freq=M n.obs=3680
2026-09-12 15:03:35   225/ 400  VG_LLAMADAS_112                           2.1 s  freq=Y n.obs=648
2026-09-12 15:03:37   226/ 400  VG_ORDENES_PROTECCION                     2.1 s  freq=Q n.obs=1620
2026-09-12 15:03:39   227/ 400  VIOGEN_CASOS_ACTIVOS                      2.1 s  freq=M n.obs=195
2026-09-12 15:03:41   228/ 400  VIOGEN_CASOS_ACTIVOS_MENORES              2.1 s  freq=M n.obs=195
2026-09-12 15:03:44   229/ 400  VIOGEN_CASOS_ACTIVOS_RELEVANCIA           2.2 s  freq=M n.obs=195
2026-09-12 15:03:46   230/ 400  EIAP_PRODUCCION_PROPIA                    2.0 s  freq=Y n.obs=240
2026-09-12 15:03:48   231/ 400  EMPRESAS_INDUSTRIA_PERSONAL_OCUPADO       2.0 s  freq=Y n.obs=27
2026-09-12 15:03:50   232/ 400  EMPRESAS_INDUSTRIA_VAF                    2.1 s  freq=Y n.obs=27
2026-09-12 15:03:52   233/ 400  ICN                                       2.1 s  freq=M n.obs=1188
2026-09-12 15:03:54   234/ 400  ICN_CA                                    2.2 s  freq=M n.obs=1188
2026-09-12 15:03:56   235/ 400  ICN_SCA                                   2.2 s  freq=M n.obs=1188
2026-09-12 15:03:59   236/ 400  IPI                                       2.5 s  freq=M n.obs=13986
2026-09-12 15:04:01   237/ 400  IPI_CA                                    2.1 s  freq=M n.obs=1554
2026-09-12 15:04:03   238/ 400  IPI_SCA                                   2.2 s  freq=M n.obs=1554
2026-09-12 15:04:06   239/ 400  IPRI                                      2.6 s  freq=M n.obs=15876
2026-09-12 15:04:08   240/ 400  GANANCIA_SALARIAL_ANUAL                   2.1 s  freq=Y n.obs=102
2026-09-12 15:04:10   241/ 400  GANANCIA_SALARIAL_HORA                    2.1 s  freq=Y n.obs=102
2026-09-12 15:04:12   242/ 400  JUSTICIA_ASUNTOS_INGRESADOS               2.0 s  freq=Q n.obs=1650
2026-09-12 15:04:14   243/ 400  JUSTICIA_ASUNTOS_PENDIENTES               2.1 s  freq=Q n.obs=1650
2026-09-12 15:04:16   244/ 400  JUSTICIA_ASUNTOS_RESUELTOS                2.1 s  freq=Q n.obs=1650
2026-09-12 15:04:18   245/ 400  JUSTICIA_JUECES_MAGISTRADOS               2.2 s  freq=Y n.obs=63
2026-09-12 15:04:20   246/ 400  POBLACION_RECLUSA                         2.1 s  freq=M n.obs=1200
2026-09-12 15:04:22   247/ 400  POBLACION_RECLUSA_HOMBRES                 2.3 s  freq=M n.obs=1200
2026-09-12 15:04:25   248/ 400  POBLACION_RECLUSA_MUJERES                 2.1 s  freq=M n.obs=1200
2026-09-12 15:04:27   249/ 400  POLICIA_LOCAL_EFECTIVOS                   2.1 s  freq=Y n.obs=3840
2026-09-12 15:04:29   250/ 400  POLICIA_LOCAL_EFECTIVOS_HABITANTE         2.1 s  freq=Y n.obs=2304
2026-09-12 15:04:31   251/ 400  SEGURIDAD_DETENCIONES                     2.1 s  freq=Y n.obs=135
2026-09-12 15:04:33   252/ 400  SEGURIDAD_HECHOS_CONOCIDOS                2.1 s  freq=Y n.obs=135
2026-09-12 15:04:35   253/ 400  SEGURIDAD_HECHOS_ESCLARECIDOS             2.0 s  freq=Y n.obs=135
2026-09-12 15:04:37   254/ 400  SEGURIDAD_TASA_CRIMINALIDAD               2.0 s  freq=Y n.obs=90
2026-09-12 15:04:39   255/ 400  INFRACCIONES_AMBIENTALES                  2.0 s  freq=Y n.obs=1080
2026-09-12 15:04:41   256/ 400  DEFUNCIONES                               2.2 s  freq=Y n.obs=12610
2026-09-12 15:04:44   257/ 400  DEFUNCIONES_EDAD_MEDIA                    2.2 s  freq=Y n.obs=12610
2026-09-12 15:04:46   258/ 400  DEFUNCIONES_EDAD_MEDIA_HOMBRES            2.2 s  freq=Y n.obs=12610
2026-09-12 15:04:48   259/ 400  DEFUNCIONES_EDAD_MEDIA_MUJERES            2.2 s  freq=Y n.obs=12610
2026-09-12 15:04:50   260/ 400  DEFUNCIONES_HOMBRES                       2.3 s  freq=Y n.obs=12610
2026-09-12 15:04:53   261/ 400  DEFUNCIONES_MUJERES                       2.3 s  freq=Y n.obs=12610
2026-09-12 15:04:55   262/ 400  MATRIMONIOS_SEXO_DIFERENTE                2.3 s  freq=Y n.obs=14065
2026-09-12 15:04:57   263/ 400  MNP_CRECIMIENTO_VEGETATIVO                2.2 s  freq=Y n.obs=7566
2026-09-12 15:04:59   264/ 400  MNP_TASA_CRECIMIENTO_VEGETATIVO           2.2 s  freq=Y n.obs=416
2026-09-12 15:05:02   265/ 400  NACIMIENTOS                               2.3 s  freq=Y n.obs=12610
2026-09-12 15:05:04   266/ 400  NACIMIENTOS_HOMBRES                       2.3 s  freq=Y n.obs=12610
2026-09-12 15:05:06   267/ 400  NACIMIENTOS_MUJERES                       2.3 s  freq=Y n.obs=12610
2026-09-12 15:05:08   268/ 400  TASA_FECUNDIDAD                           2.0 s  freq=Y n.obs=624
2026-09-12 15:05:10   269/ 400  TASA_FECUNDIDAD_10A14                     2.0 s  freq=Y n.obs=1377
2026-09-12 15:05:12   270/ 400  TASA_FECUNDIDAD_15A19                     2.1 s  freq=Y n.obs=1377
2026-09-12 15:05:15   271/ 400  TASA_MORTALIDAD                           2.2 s  freq=Y n.obs=6624
2026-09-12 15:05:17   272/ 400  TASA_MORTALIDAD_HOMBRES                   2.2 s  freq=Y n.obs=6624
2026-09-12 15:05:19   273/ 400  TASA_MORTALIDAD_MUJERES                   2.2 s  freq=Y n.obs=6624
2026-09-12 15:05:21   274/ 400  MIGRACIONES_SALDO                         2.2 s  freq=Y n.obs=9600
2026-09-12 15:05:24   275/ 400  MIGRACIONES_SALDO_HOMBRES                 2.3 s  freq=Y n.obs=9600
2026-09-12 15:05:26   276/ 400  MIGRACIONES_SALDO_MUJERES                 2.2 s  freq=Y n.obs=9600
2026-09-12 15:05:28   277/ 400  ICH_APARTAMENTOS                          2.1 s  freq=Q n.obs=552
2026-09-12 15:05:30   278/ 400  ICH_HOTELES                               2.3 s  freq=Q n.obs=2184
2026-09-12 15:05:32   279/ 400  DESEMPLEO_PRESTACIONES                    2.2 s  freq=M n.obs=3195
2026-09-12 15:05:35   280/ 400  PENSIONES_CONTRIBUTIVAS                   2.2 s  freq=M n.obs=1090
2026-09-12 15:05:37   281/ 400  PENSIONES_CONTRIBUTIVAS_IMPORTE_MEDIO     2.1 s  freq=M n.obs=1090
2026-09-12 15:05:39   282/ 400  PENSIONES_NO_CONTRIBUTIVAS                2.2 s  freq=M n.obs=1095
2026-09-12 15:05:41   283/ 400  PENSIONES_NO_CONTRIBUTIVAS_IMPORTE_MEDIO    2.2 s  freq=M n.obs=1095
2026-09-12 15:05:43   284/ 400  PRESTACIONES_NACIMIENTO                   2.1 s  freq=Y n.obs=54
2026-09-12 15:05:45   285/ 400  PRESTACIONES_NACIMIENTO_IMPORTE           2.0 s  freq=Y n.obs=54
2026-09-12 15:05:48   286/ 400  EMPLEO_REGISTRADO_AYUNTAMIENTOS           2.9 s  freq=Q n.obs=44880
2026-09-12 15:05:51   287/ 400  EMPLEO_REGISTRADO_AYUNTAMIENTOS_HAB       2.6 s  freq=Q n.obs=26928
2026-09-12 15:05:53   288/ 400  EMPLEO_REGISTRADO_CABILDOS                2.1 s  freq=Q n.obs=3570
2026-09-12 15:05:55   289/ 400  EMPLEO_REGISTRADO_CABILDOS_HAB            2.1 s  freq=Q n.obs=2142
2026-09-12 15:05:57   290/ 400  POBLACION                                 2.3 s  freq=Y n.obs=12610
2026-09-12 15:05:59   291/ 400  POBLACION_00A14                           2.3 s  freq=Y n.obs=12610
2026-09-12 15:06:02   292/ 400  POBLACION_00A14_PC                        2.2 s  freq=Y n.obs=7566
2026-09-12 15:06:04   293/ 400  POBLACION_15A64                           2.4 s  freq=Y n.obs=12610
2026-09-12 15:06:06   294/ 400  POBLACION_15A64_PC                        2.3 s  freq=Y n.obs=7566
2026-09-12 15:06:09   295/ 400  POBLACION_65MAS                           2.3 s  freq=Y n.obs=12610
2026-09-12 15:06:11   296/ 400  POBLACION_65MAS_PC                        2.4 s  freq=Y n.obs=7566
2026-09-12 15:06:13   297/ 400  POBLACION_EDAD_MEDIA                      2.3 s  freq=Y n.obs=12610
2026-09-12 15:06:16   298/ 400  POBLACION_EXTRANJERA                      2.3 s  freq=Y n.obs=12610
2026-09-12 15:06:18   299/ 400  POBLACION_EXTRANJERA_HOMBRES              2.4 s  freq=Y n.obs=12610
2026-09-12 15:06:20   300/ 400  POBLACION_EXTRANJERA_MUJERES              2.3 s  freq=Y n.obs=12610
2026-09-12 15:06:23   301/ 400  POBLACION_HOMBRES                         2.3 s  freq=Y n.obs=12610
2026-09-12 15:06:25   302/ 400  POBLACION_HOMBRES_00A14                   2.4 s  freq=Y n.obs=12610
2026-09-12 15:06:27   303/ 400  POBLACION_HOMBRES_15A64                   2.4 s  freq=Y n.obs=12610
2026-09-12 15:06:30   304/ 400  POBLACION_HOMBRES_65MAS                   2.3 s  freq=Y n.obs=12610
2026-09-12 15:06:32   305/ 400  POBLACION_INDICE_DEPENDENCIA              2.2 s  freq=Y n.obs=7566
2026-09-12 15:06:34   306/ 400  POBLACION_INDICE_JUVENTUD                 2.2 s  freq=Y n.obs=7566
2026-09-12 15:06:36   307/ 400  POBLACION_INDICE_VEJEZ                    2.2 s  freq=Y n.obs=7566
2026-09-12 15:06:39   308/ 400  POBLACION_MUJERES                         2.3 s  freq=Y n.obs=12610
2026-09-12 15:06:42   309/ 400  POBLACION_MUJERES_00A14                   4.0 s  freq=Y n.obs=12610
2026-09-12 15:06:46   310/ 400  POBLACION_MUJERES_15A64                   3.8 s  freq=Y n.obs=12610
2026-09-12 15:06:50   311/ 400  POBLACION_MUJERES_65MAS                   3.3 s  freq=Y n.obs=12610
2026-09-12 15:06:52   312/ 400  PRESUPUESTO_AYUNTAMIENTOS_LIQUIDADO_GASTO_HABITANTE    2.3 s  freq=Y n.obs=10235
2026-09-12 15:06:54   313/ 400  PRESUPUESTO_AYUNTAMIENTOS_LIQUIDADO_INGRESO_FISCAL_HABITANTE    2.3 s  freq=Y n.obs=10235
2026-09-12 15:06:56   314/ 400  PRESUPUESTO_AYUNTAMIENTOS_LIQUIDADO_INGRESO_HABITANTE    2.3 s  freq=Y n.obs=10235
2026-09-12 15:06:58   315/ 400  PRESUPUESTO_CABILDOS_LIQUIDADO_GASTO_HABITANTE    2.1 s  freq=Y n.obs=805
2026-09-12 15:07:01   316/ 400  PRESUPUESTO_CABILDOS_LIQUIDADO_INGRESO_FISCAL_HABITANTE    2.1 s  freq=Y n.obs=805
2026-09-12 15:07:03   317/ 400  PRESUPUESTO_CABILDOS_LIQUIDADO_INGRESO_HABITANTE    2.1 s  freq=Y n.obs=805
2026-09-12 15:07:05   318/ 400  PRESUPUESTO_CAN_IMPORTE_EJECUTADO_DEFINITIVO_GASTOS    2.1 s  freq=M n.obs=880
2026-09-12 15:07:07   319/ 400  PRESUPUESTO_CAN_IMPORTE_EJECUTADO_DEFINITIVO_INGRESO    2.1 s  freq=M n.obs=880
2026-09-12 15:07:09   320/ 400  PRESUPUESTO_CAN_RATIO_EJECUTADO_DEFINITIVO_GASTOS    2.0 s  freq=M n.obs=528
2026-09-12 15:07:11   321/ 400  PRESUPUESTO_CAN_RATIO_EJECUTADO_DEFINITIVO_INGRESOS    2.2 s  freq=M n.obs=528
2026-09-12 15:07:13   322/ 400  TRIBUTO_ESTADO_RECAUDACION_LIQUIDA_ACUMULADO    2.0 s  freq=M n.obs=1344
2026-09-12 15:07:16   323/ 400  TRIBUTO_IBI_CUOTA_LIQUIDA_RUSTICO         2.4 s  freq=Y n.obs=15865
2026-09-12 15:07:18   324/ 400  TRIBUTO_IBI_CUOTA_LIQUIDA_URBANO          2.4 s  freq=Y n.obs=15865
2026-09-12 15:07:20   325/ 400  TRIBUTO_IBI_TIPO_GRAVAMEN_RUSTICO         2.1 s  freq=Y n.obs=10260
2026-09-12 15:07:22   326/ 400  TRIBUTO_IBI_TIPO_GRAVAMEN_URBANO          2.2 s  freq=Y n.obs=10260
2026-09-12 15:07:25   327/ 400  TRIBUTO_IGIC_RECAUDACION_LIQUIDA          2.2 s  freq=M n.obs=969
2026-09-12 15:07:27   328/ 400  TRIBUTO_IGIC_RECAUDACION_LIQUIDA_DEFLACTADO    2.1 s  freq=M n.obs=414
2026-09-12 15:07:29   329/ 400  TRIBUTO_IRPF_RENTA_BRUTA_DECLARANTE       2.1 s  freq=Y n.obs=4320
2026-09-12 15:07:31   330/ 400  TRIBUTO_IRPF_RENTA_DISPONIBLE_DECLARANTE    2.1 s  freq=Y n.obs=4320
2026-09-12 15:07:33   331/ 400  TRIBUTO_REF_RECAUDACION_LIQUIDA_ACUMULADO    2.1 s  freq=M n.obs=1035
2026-09-12 15:07:35   332/ 400  ERE_TRABAJADORES                          2.1 s  freq=Y n.obs=216
2026-09-12 15:07:37   333/ 400  ERE_TRABAJADORES_DESPIDO_COLECTIVO        1.9 s  freq=Y n.obs=216
2026-09-12 15:07:39   334/ 400  ERE_TRABAJADORES_SUSPENSION_PARCIAL       2.0 s  freq=Y n.obs=216
2026-09-12 15:07:41   335/ 400  ERE_TRABAJADORES_SUSPENSION_TOTAL         2.1 s  freq=Y n.obs=216
2026-09-12 15:07:43   336/ 400  ESC_ALCOHOL                               2.0 s  freq=Y n.obs=76
2026-09-12 15:07:45   337/ 400  ESC_FUMADOR                               2.0 s  freq=Y n.obs=76
2026-09-12 15:07:47   338/ 400  ESC_PENSAMIENTOS_SUICIDAS                 2.0 s  freq=Y n.obs=10
2026-09-12 15:07:49   339/ 400  ENP                                       2.1 s  freq=Y n.obs=8
2026-09-12 15:07:51   340/ 400  ENP_PPNN_VISITANTES                       2.3 s  freq=M n.obs=4225
2026-09-12 15:07:53   341/ 400  ENP_SUPERFICIE                            2.0 s  freq=Y n.obs=8
2026-09-12 15:07:56   342/ 400  IPV                                       2.2 s  freq=Q n.obs=4560
2026-09-12 15:07:58   343/ 400  IPV_NUEVA                                 2.3 s  freq=Q n.obs=4560
2026-09-12 15:08:00   344/ 400  IPV_SEGUNDA_MANO                          2.2 s  freq=Q n.obs=4560
2026-09-12 15:08:04   345/ 400  HIPOTECAS_CANCELADAS                      3.6 s  freq=M n.obs=80010
2026-09-12 15:08:07   346/ 400  HIPOTECAS_CONSTITUIDAS                    3.8 s  freq=M n.obs=92295
2026-09-12 15:08:11   347/ 400  HIPOTECAS_CONSTITUIDAS_IMPORTE            3.9 s  freq=M n.obs=92295
2026-09-12 15:08:13   348/ 400  SERVICIOS_SOCIALES_PRESTACIONES           2.2 s  freq=Y n.obs=6984
2026-09-12 15:08:16   349/ 400  SERVICIOS_SOCIALES_PRESTACIONES_FINANCIACION    2.2 s  freq=Y n.obs=6984
2026-09-12 15:08:18   350/ 400  SERVICIOS_SOCIALES_PRESTACIONES_PERSONAS    2.2 s  freq=Y n.obs=6984
2026-09-12 15:08:20   351/ 400  GASTO_FARMACEUTICO                        2.2 s  freq=M n.obs=1530
2026-09-12 15:08:22   352/ 400  GASTO_FARMACEUTICO_MEDIO_ENVASE           2.2 s  freq=M n.obs=1530
2026-09-12 15:08:24   353/ 400  LISTA_ESPERA_CIRUGIA                      2.1 s  freq=M n.obs=1215
2026-09-12 15:08:26   354/ 400  LISTA_ESPERA_CONSULTA                     2.1 s  freq=M n.obs=432
2026-09-12 15:08:28   355/ 400  ORGANOS_DONANTES                          2.0 s  freq=Y n.obs=63
2026-09-12 15:08:30   356/ 400  ORGANOS_TRASPLANTES                       2.0 s  freq=Y n.obs=66
2026-09-12 15:08:32   357/ 400  PROFESIONALES_SANITARIOS_ENFERMERIA       2.0 s  freq=Y n.obs=54
2026-09-12 15:08:35   358/ 400  PROFESIONALES_SANITARIOS_FARMACIA         2.2 s  freq=Y n.obs=63
2026-09-12 15:08:37   359/ 400  PROFESIONALES_SANITARIOS_FISIOTERAPIA     2.1 s  freq=Y n.obs=63
2026-09-12 15:08:39   360/ 400  PROFESIONALES_SANITARIOS_MEDICINA         2.0 s  freq=Y n.obs=63
2026-09-12 15:08:41   361/ 400  SIAP_CENTROS                              2.1 s  freq=Y n.obs=504
2026-09-12 15:08:43   362/ 400  SIAP_PERSONAS_ATENDIDAS                   2.0 s  freq=Y n.obs=432
2026-09-12 15:08:45   363/ 400  SIAP_RATIO_MEDICINA_FAMILIA               2.1 s  freq=Y n.obs=504
2026-09-12 15:08:47   364/ 400  SAAD_RESOLUCIONES_GRADO                   2.1 s  freq=M n.obs=575
2026-09-12 15:08:49   365/ 400  SAAD_RESOLUCIONES_PIA                     2.0 s  freq=M n.obs=575
2026-09-12 15:08:51   366/ 400  SAAD_SOLICITUDES                          2.1 s  freq=M n.obs=1100
2026-09-12 15:08:53   367/ 400  COMERCIO_EXTERIOR_EXPORTACIONES_VALOR_TECNOLOGICO    2.1 s  freq=Q n.obs=455
2026-09-12 15:08:55   368/ 400  COMERCIO_EXTERIOR_IMPORTACIONES_VALOR_TECNOLOGICO    2.1 s  freq=Q n.obs=455
2026-09-12 15:08:57   369/ 400  INNOVACION_GASTO                          2.1 s  freq=Y n.obs=40
2026-09-12 15:09:00   370/ 400  INNOVACION_GASTO_EMPRESAS                 2.1 s  freq=Y n.obs=40
2026-09-12 15:09:02   371/ 400  SUPERFICIE                                2.1 s  freq=Y n.obs=96
2026-09-12 15:09:04   372/ 400  TRAFICO_MARITIMO_PASAJEROS_C              2.2 s  freq=M n.obs=1005
2026-09-12 15:09:06   373/ 400  TRAFICO_MARITIMO_PASAJEROS_E              2.2 s  freq=M n.obs=1850
2026-09-12 15:09:10   374/ 400  TRAFICO_MARITIMO_VEHICULOS_C              3.5 s  freq=M n.obs=940
2026-09-12 15:09:12   375/ 400  TRAFICO_MARITIMO_VEHICULOS_E              2.1 s  freq=M n.obs=1850
2026-09-12 15:09:14   376/ 400  TRANSPORTE_URBANO_REGULAR_VIAJEROS        2.7 s  freq=M n.obs=27525
2026-09-12 15:09:16   377/ 400  MATRICULA_VEHICULOS                       2.0 s  freq=Y n.obs=1455
2026-09-12 15:09:18   378/ 400  MATRICULA_VEHICULOS_TURISMOS              2.1 s  freq=Y n.obs=1455
2026-09-12 15:09:21   379/ 400  PARQUE_VEHICULOS                          2.3 s  freq=Y n.obs=7680
2026-09-12 15:09:23   380/ 400  PARQUE_VEHICULOS_HABITANTE                2.1 s  freq=Y n.obs=4608
2026-09-12 15:09:25   381/ 400  PARQUE_VEHICULOS_TURISMOS                 2.3 s  freq=Y n.obs=7680
2026-09-12 15:09:27   382/ 400  PARQUE_VEHICULOS_TURISMOS_HABITANTE       2.1 s  freq=Y n.obs=4608
2026-09-12 15:09:29   383/ 400  TRAFICO_AEREO_AVIONES                     2.2 s  freq=M n.obs=11720
2026-09-12 15:09:32   384/ 400  TRAFICO_AEREO_CORREO                      2.3 s  freq=M n.obs=11720
2026-09-12 15:09:34   385/ 400  TRAFICO_AEREO_MERCANCIAS                  2.3 s  freq=M n.obs=11720
2026-09-12 15:09:37   386/ 400  TRAFICO_AEREO_PASAJEROS                   2.4 s  freq=M n.obs=11720
2026-09-12 15:09:39   387/ 400  TRAFICO_AEREO_PASAJEROS_LLEGADAS_CANARIAS    2.4 s  freq=M n.obs=11720
2026-09-12 15:09:41   388/ 400  TRAFICO_AEREO_PASAJEROS_LLEGADAS_DE       2.5 s  freq=M n.obs=11720
2026-09-12 15:09:44   389/ 400  TRAFICO_AEREO_PASAJEROS_LLEGADAS_EXTRANJEROS    2.5 s  freq=M n.obs=11720
2026-09-12 15:09:46   390/ 400  TRAFICO_AEREO_PASAJEROS_LLEGADAS_GB       2.3 s  freq=M n.obs=11720
2026-09-12 15:09:49   391/ 400  TRAFICO_AEREO_PASAJEROS_LLEGADAS_NACIONALES_XCANARIAS    2.3 s  freq=M n.obs=11720
2026-09-12 15:09:51   392/ 400  TRAFICO_AEREO_PASAJEROS_LLEGADAS_XCANARIAS    2.4 s  freq=M n.obs=11720
2026-09-12 15:09:53   393/ 400  EMPRESAS_SERVICIOS_PERSONAL_OCUPADO       2.0 s  freq=Y n.obs=27
2026-09-12 15:09:55   394/ 400  EMPRESAS_SERVICIOS_VAF                    2.0 s  freq=Y n.obs=27
2026-09-12 15:09:57   395/ 400  IASS_CIFRA_NEGOCIO                        2.3 s  freq=M n.obs=13932
2026-09-12 15:09:59   396/ 400  IASS_CIFRA_NEGOCIO_CA                     2.2 s  freq=M n.obs=828
2026-09-12 15:10:02   397/ 400  IASS_CIFRA_NEGOCIO_HOSTELERIA             2.1 s  freq=M n.obs=828
2026-09-12 15:10:04   398/ 400  IASS_CIFRA_NEGOCIO_SCA                    2.1 s  freq=M n.obs=828
2026-09-12 15:10:06   399/ 400  IASS_OCUPACION                            2.5 s  freq=M n.obs=13932
2026-09-12 15:10:08   400/ 400  IASS_OCUPACION_HOSTELERIA                 2.2 s  freq=M n.obs=828
